// Jest Snapshot v1, https://goo.gl/fbAQLP

exports[`signUp 1`] = `
Array [
  "signUp {
          signUp(email: \\"a\\", username: \\"b\\", password: \\"d\\") {
            token
          }
        }
      ",
]
`;
